
════════════════════════════════════════════════════════════════════════════════════════════════════════════════
PRODUCTION RENDER RECONCILIATION · tenant 7c02e222-be59-416d-9434-acf4685f8590
rendered = lib/dashboard-data.ts (the function app/page.tsx awaits)   independent = scripts/verify-dashboard-metrics.ts
════════════════════════════════════════════════════════════════════════════════════════════════════════════════

────────────────────────────────────────────────────────────────────────────────────────────────────────────────
C1  30 days · All    2026-08-10 → 2026-09-08    (11593 ms)
────────────────────────────────────────────────────────────────────────────────────────────────────────────────
  Metric                                Rendered      Independent   Diff    Status 
  Contacted                             2108          2108          0       GREEN  
  Enrolled                              3080          3080          0       GREEN  
  Replies (leads)                       46            46            0       GREEN  
  Reply events                          76            76            0       GREEN  
  Reply Rate %                          2.2           2.2           0       GREEN  
  Positive                              1             1             0       GREEN  
  LinkedIn invited                      526           526           0       GREEN  
  LinkedIn accepted                     13            13            0       GREEN  
  Acceptance Rate %                     2.47148288973384032.5           0       GREEN  
  Calls Attempted                       284           284           0       GREEN  
  Calls Connected                       125           125           0       GREEN  
  Connect Rate %                        44            44            0       GREEN  
  Unattributed replies                  0             0             0       GREEN  
  Meetings                              not_measured  not_measured  —       GRAY   
  Won                                   not_measured  not_measured  —       GRAY   
  Lost                                  not_measured  not_measured  —       GRAY   
  LinkedIn DM reply rate %              17.1          17.1          0       GREEN  
  Email reply rate %                    0.7           0.7           0       GREEN  

  ICPs      9 rows · contacted 2108
    GREEN  sum(ICPs).contacted 2108 vs workspace 2108 · diff 0
  CAMPAIGNS 13 rows · contacted 2108 · enrolled 3081
    denominator check · "UK Growth AI Sales -  Multichannel" rendered 3.1% (4/398 enrolled) vs 3.1% (4/131 contacted)
    GREEN  sum(flows).contacted 2108 vs workspace 2108 · diff 0

  SELLERS   7 rows · contacted 2108 · replies 46
    GREEN  sum(sellers).contacted 2108 vs workspace 2108 · diff 0

────────────────────────────────────────────────────────────────────────────────────────────────────────────────
C2  7 days · All    2026-09-02 → 2026-09-08    (11036 ms)
────────────────────────────────────────────────────────────────────────────────────────────────────────────────
  Metric                                Rendered      Independent   Diff    Status 
  Contacted                             722           722           0       GREEN  
  Enrolled                              3080          3080          0       GREEN  
  Replies (leads)                       4             4             0       GREEN  
  Reply events                          8             8             0       GREEN  
  Reply Rate %                          0.6           0.6           0       GREEN  
  Positive                              1             1             0       GREEN  
  LinkedIn invited                      128           128           0       GREEN  
  LinkedIn accepted                     1             1             0       GREEN  
  Acceptance Rate %                     0.78125       0.8           0       GREEN  
  Calls Attempted                       188           188           0       GREEN  
  Calls Connected                       77            77            0       GREEN  
  Connect Rate %                        41            41            0       GREEN  
  Unattributed replies                  0             0             0       GREEN  
  Meetings                              not_measured  not_measured  —       GRAY   
  Won                                   not_measured  not_measured  —       GRAY   
  Lost                                  not_measured  not_measured  —       GRAY   
  LinkedIn DM reply rate %              8.3           8.3           0       GREEN  
  Email reply rate %                    0.2           0.2           0       GREEN  

  ICPs      9 rows · contacted 722
    GREEN  sum(ICPs).contacted 722 vs workspace 722 · diff 0
  CAMPAIGNS 13 rows · contacted 722 · enrolled 3081
    denominator check · "Private Equity & VC Firms — USA - " rendered 0.2% (1/1166 enrolled) vs 0.2% (1/494 contacted)
    GREEN  sum(flows).contacted 722 vs workspace 722 · diff 0

  SELLERS   7 rows · contacted 722 · replies 4
    GREEN  sum(sellers).contacted 722 vs workspace 722 · diff 0

────────────────────────────────────────────────────────────────────────────────────────────────────────────────
C3  30 days · seller Lucia    2026-08-10 → 2026-09-08    (11664 ms)
────────────────────────────────────────────────────────────────────────────────────────────────────────────────
  Metric                                Rendered      Independent   Diff    Status 
  Contacted                             115           115           0       GREEN  
  Enrolled                              175           175           0       GREEN  
  Replies (leads)                       11            11            0       GREEN  
  Reply events                          15            15            0       GREEN  
  Reply Rate %                          9.6           9.6           0       GREEN  
  Positive                              0             0             0       GREEN  
  LinkedIn invited                      113           113           0       GREEN  
  LinkedIn accepted                     5             5             0       GREEN  
  Acceptance Rate %                     4.4247787610619474.4           0       GREEN  
  Calls Attempted                       284           64            220     RED    
  Calls Connected                       125           30            95      RED    
  Connect Rate %                        44            46.9          -2.9    RED    
  Unattributed replies                  0             0             0       GREEN  
  Meetings                              not_measured  not_measured  —       GRAY   
  Won                                   not_measured  not_measured  —       GRAY   
  Lost                                  not_measured  not_measured  —       GRAY   
  LinkedIn DM reply rate %              25            25            0       GREEN  
  Email reply rate %                    0             0             0       GREEN  

  ICPs      9 rows · contacted 115
    GREEN  sum(ICPs).contacted 115 vs workspace 115 · diff 0
  CAMPAIGNS 3 rows · contacted 115 · enrolled 175
    denominator check · "LATAM Cold Calling Sales Engine" rendered null% (0/59 enrolled) vs 0% (0/0 contacted)
    GREEN  sum(flows).contacted 115 vs workspace 115 · diff 0

  SELLERS   1 rows · contacted 115 · replies 11
    GREEN  sum(sellers).contacted 115 vs workspace 115 · diff 0

────────────────────────────────────────────────────────────────────────────────────────────────────────────────
C4  30 days · campaign Odoo    2026-08-10 → 2026-09-08    (11008 ms)
────────────────────────────────────────────────────────────────────────────────────────────────────────────────
  Metric                                Rendered      Independent   Diff    Status 
  Contacted                             97            97            0       GREEN  
  Enrolled                              99            99            0       GREEN  
  Replies (leads)                       8             8             0       GREEN  
  Reply events                          14            14            0       GREEN  
  Reply Rate %                          8.2           8.2           0       GREEN  
  Positive                              0             0             0       GREEN  
  LinkedIn invited                      49            49            0       GREEN  
  LinkedIn accepted                     3             3             0       GREEN  
  Acceptance Rate %                     6.1224489795918366.1           0       GREEN  
  Calls Attempted                       284           20            264     RED    
  Calls Connected                       125           14            111     RED    
  Connect Rate %                        44            70            -26     RED    
  Unattributed replies                  0             0             0       GREEN  
  Meetings                              not_measured  not_measured  —       GRAY   
  Won                                   not_measured  not_measured  —       GRAY   
  Lost                                  not_measured  not_measured  —       GRAY   
  LinkedIn DM reply rate %              26.9          26.9          0       GREEN  
  Email reply rate %                    0             0             0       GREEN  

  ICPs      9 rows · contacted 97
    GREEN  sum(ICPs).contacted 97 vs workspace 97 · diff 0
  CAMPAIGNS 1 rows · contacted 97 · enrolled 99
    denominator check · "Odoo Implementation — Argentina - " rendered 8.2% (8/99 enrolled) vs 8.2% (8/97 contacted)
    GREEN  sum(flows).contacted 97 vs workspace 97 · diff 0

  SELLERS   2 rows · contacted 97 · replies 8
    GREEN  sum(sellers).contacted 97 vs workspace 97 · diff 0

────────────────────────────────────────────────────────────────────────────────────────────────────────────────
C5  30 days · ICP Odoo    2026-08-10 → 2026-09-08    (11309 ms)
────────────────────────────────────────────────────────────────────────────────────────────────────────────────
  Metric                                Rendered      Independent   Diff    Status 
  Contacted                             95            95            0       GREEN  
  Enrolled                              97            97            0       GREEN  
  Replies (leads)                       8             8             0       GREEN  
  Reply events                          14            14            0       GREEN  
  Reply Rate %                          8.4           8.4           0       GREEN  
  Positive                              0             0             0       GREEN  
  LinkedIn invited                      49            49            0       GREEN  
  LinkedIn accepted                     3             3             0       GREEN  
  Acceptance Rate %                     6.1224489795918366.1           0       GREEN  
  Calls Attempted                       284           18            266     RED    
  Calls Connected                       125           12            113     RED    
  Connect Rate %                        44            66.7          -22.7   RED    
  Unattributed replies                  0             0             0       GREEN  
  Meetings                              not_measured  not_measured  —       GRAY   
  Won                                   not_measured  not_measured  —       GRAY   
  Lost                                  not_measured  not_measured  —       GRAY   
  LinkedIn DM reply rate %              26.9          26.9          0       GREEN  
  Email reply rate %                    0             0             0       GREEN  

  ICPs      1 rows · contacted 95
    GREEN  sum(ICPs).contacted 95 vs workspace 95 · diff 0
  CAMPAIGNS 1 rows · contacted 95 · enrolled 97
    denominator check · "Odoo Implementation — Argentina - " rendered 8.4% (8/97 enrolled) vs 8.4% (8/95 contacted)
    GREEN  sum(flows).contacted 95 vs workspace 95 · diff 0

  SELLERS   2 rows · contacted 95 · replies 8
    GREEN  sum(sellers).contacted 95 vs workspace 95 · diff 0

────────────────────────────────────────────────────────────────────────────────────────────────────────────────
C6  All time    2000-01-01 → 2026-09-08    (11058 ms)
────────────────────────────────────────────────────────────────────────────────────────────────────────────────
  Metric                                Rendered      Independent   Diff    Status 
  Contacted                             2977          2977          0       GREEN  
  Enrolled                              3080          3080          0       GREEN  
  Replies (leads)                       104           104           0       GREEN  
  Reply events                          131           131           0       GREEN  
  Reply Rate %                          3.5           3.5           0       GREEN  
  Positive                              4             4             0       GREEN  
  LinkedIn invited                      1467          1467          0       GREEN  
  LinkedIn accepted                     127           127           0       GREEN  
  Acceptance Rate %                     8.6571233810497618.7           0       GREEN  
  Calls Attempted                       663           663           0       GREEN  
  Calls Connected                       409           409           0       GREEN  
  Connect Rate %                        61.7          61.7          0       GREEN  
  Unattributed replies                  0             0             0       GREEN  
  Meetings                              not_measured  not_measured  —       GRAY   
  Won                                   not_measured  not_measured  —       GRAY   
  Lost                                  not_measured  not_measured  —       GRAY   
  LinkedIn DM reply rate %              17.9          17.9          0       GREEN  
  Email reply rate %                    1.9           1.9           0       GREEN  

  ICPs      9 rows · contacted 2977
    GREEN  sum(ICPs).contacted 2977 vs workspace 2977 · diff 0
  CAMPAIGNS 13 rows · contacted 2977 · enrolled 3081
    denominator check · "Private Equity & VC Firms — USA - " rendered 0.4% (5/1166 enrolled) vs 0.4% (5/1123 contacted)
    GREEN  sum(flows).contacted 2977 vs workspace 2977 · diff 0

  SELLERS   7 rows · contacted 2977 · replies 104
    GREEN  sum(sellers).contacted 2977 vs workspace 2977 · diff 0

────────────────────────────────────────────────────────────────────────────────────────────────────────────────
C7  Custom 1–20 Aug    2026-08-01 → 2026-08-20    (11068 ms)
────────────────────────────────────────────────────────────────────────────────────────────────────────────────
  Metric                                Rendered      Independent   Diff    Status 
  Contacted                             543           543           0       GREEN  
  Enrolled                              3080          3080          0       GREEN  
  Replies (leads)                       28            28            0       GREEN  
  Reply events                          35            35            0       GREEN  
  Reply Rate %                          5.2           5.2           0       GREEN  
  Positive                              0             0             0       GREEN  
  LinkedIn invited                      401           401           0       GREEN  
  LinkedIn accepted                     17            17            0       GREEN  
  Acceptance Rate %                     4.2394014962593524.2           0       GREEN  
  Calls Attempted                       62            62            0       GREEN  
  Calls Connected                       28            28            0       GREEN  
  Connect Rate %                        45.2          45.2          0       GREEN  
  Unattributed replies                  0             0             0       GREEN  
  Meetings                              not_measured  not_measured  —       GRAY   
  Won                                   not_measured  not_measured  —       GRAY   
  Lost                                  not_measured  not_measured  —       GRAY   
  LinkedIn DM reply rate %              18.8          18.8          0       GREEN  
  Email reply rate %                    2.8           2.8           0       GREEN  

  ICPs      9 rows · contacted 543
    GREEN  sum(ICPs).contacted 543 vs workspace 543 · diff 0
  CAMPAIGNS 13 rows · contacted 543 · enrolled 3081
    denominator check · "Private Equity & VC Firms — USA - " rendered null% (0/1166 enrolled) vs 0% (0/0 contacted)
    GREEN  sum(flows).contacted 543 vs workspace 543 · diff 0

  SELLERS   7 rows · contacted 543 · replies 28
    GREEN  sum(sellers).contacted 543 vs workspace 543 · diff 0

════════════════════════════════════════════════════════════════════════════════════════════════════════════════
  147 comparisons · GREEN 117 · YELLOW 0 · GRAY 21 · RED 9

  9 RED — STOP. Rendered and independent values disagree.

    C3               Calls Attempted                        rendered 284  independent 64  diff 220
    C3               Calls Connected                        rendered 125  independent 30  diff 95
    C3               Connect Rate %                         rendered 44  independent 46.9  diff -2.9
    C4               Calls Attempted                        rendered 284  independent 20  diff 264
    C4               Calls Connected                        rendered 125  independent 14  diff 111
    C4               Connect Rate %                         rendered 44  independent 70  diff -26
    C5               Calls Attempted                        rendered 284  independent 18  diff 266
    C5               Calls Connected                        rendered 125  independent 12  diff 113
    C5               Connect Rate %                         rendered 44  independent 66.7  diff -22.7

